// Jest Snapshot v1, https://goo.gl/fbAQLP

exports[`<VersionInfo/> renders correctly 1`] = `
<div>
  <div
    class="css-6x0ice-VersionInfo-root"
  >
    testing 123
  </div>
</div>
`;
